2026.05.03 17:23:38 WARN  Using H2 2.4.240 which is newer than the version Flyway has been verified with. The latest verified version of H2 is 2.3.232.
2026.05.03 17:23:39 WARN  no build tool detected in workspace '/home/v-guhan-techy/projects/system-design-blueprints'. The most common cause for this problem is that the editor was opened in the wrong working directory, for example if you use sbt then the workspace directory should contain build.sbt. 
2026.05.03 17:23:39 WARN  Build server is not auto-connectable.
2026.05.03 17:23:39 WARN  no build target for: /home/v-guhan-techy/projects/system-design-blueprints/LLD/SOLID_Principles/Srp.java
2026.05.03 17:23:39 INFO  no build target found for /home/v-guhan-techy/projects/system-design-blueprints/LLD/SOLID_Principles/Srp.java. Using fallback presentation compiler.
2026.05.03 17:23:40 WARN  Running javac-semanticdb failed for file:///home/v-guhan-techy/projects/system-design-blueprints/LLD/SOLID_Principles/Srp.java. Output:

2026.05.03 17:23:44 INFO  no build target found for /home/v-guhan-techy/projects/system-design-blueprints/LLD/SOLID_Principles/Srp.java. Using fallback presentation compiler.
2026.05.03 17:23:48 INFO  no build target found for /home/v-guhan-techy/projects/system-design-blueprints/LLD/SOLID_Principles/Srp.java. Using fallback presentation compiler.
2026.05.03 17:23:48 INFO  no build target found for /home/v-guhan-techy/projects/system-design-blueprints/LLD/SOLID_Principles/Srp.java. Using fallback presentation compiler.
2026.05.03 17:23:48 INFO  no build target found for /home/v-guhan-techy/projects/system-design-blueprints/LLD/SOLID_Principles/Srp.java. Using fallback presentation compiler.
2026.05.03 17:23:50 WARN  no build target for: /home/v-guhan-techy/projects/system-design-blueprints/LLD/SOLID_Principles/Srp.java
2026.05.03 17:23:50 INFO  no build target found for /home/v-guhan-techy/projects/system-design-blueprints/LLD/SOLID_Principles/Srp.java. Using fallback presentation compiler.
2026.05.03 17:23:50 INFO  no build target found for /home/v-guhan-techy/projects/system-design-blueprints/LLD/SOLID_Principles/Srp.java. Using fallback presentation compiler.
2026.05.03 17:23:50 INFO  no build target found for /home/v-guhan-techy/projects/system-design-blueprints/LLD/SOLID_Principles/Srp.java. Using fallback presentation compiler.
2026.05.03 17:23:51 INFO  no build target found for /home/v-guhan-techy/projects/system-design-blueprints/LLD/SOLID_Principles/Srp.java. Using fallback presentation compiler.
2026.05.03 17:24:00 INFO  no build target found for /home/v-guhan-techy/projects/system-design-blueprints/LLD/SOLID_Principles/Srp.java. Using fallback presentation compiler.
2026.05.03 17:24:00 INFO  no build target found for /home/v-guhan-techy/projects/system-design-blueprints/LLD/SOLID_Principles/Srp.java. Using fallback presentation compiler.
2026.05.03 17:24:00 INFO  no build target found for /home/v-guhan-techy/projects/system-design-blueprints/LLD/SOLID_Principles/Srp.java. Using fallback presentation compiler.
2026.05.03 17:24:00 INFO  no build target found for /home/v-guhan-techy/projects/system-design-blueprints/LLD/SOLID_Principles/Srp.java. Using fallback presentation compiler.
2026.05.03 17:24:03 INFO  no build target found for /home/v-guhan-techy/projects/system-design-blueprints/LLD/SOLID_Principles/Srp.java. Using fallback presentation compiler.
2026.05.03 17:24:03 INFO  no build target found for /home/v-guhan-techy/projects/system-design-blueprints/LLD/SOLID_Principles/Srp.java. Using fallback presentation compiler.
2026.05.03 17:24:03 INFO  no build target found for /home/v-guhan-techy/projects/system-design-blueprints/LLD/SOLID_Principles/Srp.java. Using fallback presentation compiler.
2026.05.03 17:24:03 INFO  no build target found for /home/v-guhan-techy/projects/system-design-blueprints/LLD/SOLID_Principles/Srp.java. Using fallback presentation compiler.
2026.05.03 17:24:08 INFO  no build target found for /home/v-guhan-techy/projects/system-design-blueprints/LLD/SOLID_Principles/Srp.java. Using fallback presentation compiler.
2026.05.03 17:24:08 INFO  no build target found for /home/v-guhan-techy/projects/system-design-blueprints/LLD/SOLID_Principles/Srp.java. Using fallback presentation compiler.
2026.05.03 17:24:32 INFO  no build target found for /home/v-guhan-techy/projects/system-design-blueprints/LLD/SOLID_Principles/Srp.java. Using fallback presentation compiler.
2026.05.03 17:24:32 WARN  no build target for: /home/v-guhan-techy/projects/system-design-blueprints/LLD/SOLID_Principles/Srp.java
2026.05.03 17:24:32 INFO  no build target found for /home/v-guhan-techy/projects/system-design-blueprints/LLD/SOLID_Principles/Srp.java. Using fallback presentation compiler.
2026.05.03 17:24:32 INFO  no build target found for /home/v-guhan-techy/projects/system-design-blueprints/LLD/SOLID_Principles/Srp.java. Using fallback presentation compiler.
2026.05.03 17:24:32 INFO  no build target found for /home/v-guhan-techy/projects/system-design-blueprints/LLD/SOLID_Principles/Srp.java. Using fallback presentation compiler.
2026.05.03 17:24:32 INFO  no build target found for /home/v-guhan-techy/projects/system-design-blueprints/LLD/SOLID_Principles/Srp.java. Using fallback presentation compiler.
2026.05.03 17:24:33 INFO  no build target found for /home/v-guhan-techy/projects/system-design-blueprints/LLD/SOLID_Principles/Srp.java. Using fallback presentation compiler.
2026.05.03 17:24:38 INFO  no build target found for /home/v-guhan-techy/projects/system-design-blueprints/LLD/SOLID_Principles/Srp.java. Using fallback presentation compiler.
2026.05.03 17:24:38 INFO  no build target found for /home/v-guhan-techy/projects/system-design-blueprints/LLD/SOLID_Principles/Srp.java. Using fallback presentation compiler.
2026.05.03 17:24:41 INFO  no build target found for /home/v-guhan-techy/projects/system-design-blueprints/LLD/SOLID_Principles/Srp.java. Using fallback presentation compiler.
2026.05.03 17:24:42 WARN  no build target for: /home/v-guhan-techy/projects/system-design-blueprints/LLD/SOLID_Principles/Srp.java
2026.05.03 17:24:42 INFO  no build target found for /home/v-guhan-techy/projects/system-design-blueprints/LLD/SOLID_Principles/Srp.java. Using fallback presentation compiler.
2026.05.03 17:25:29 INFO  no build target found for /home/v-guhan-techy/projects/system-design-blueprints/LLD/SOLID_Principles/Srp.java. Using fallback presentation compiler.
2026.05.03 17:25:29 INFO  no build target found for /home/v-guhan-techy/projects/system-design-blueprints/LLD/SOLID_Principles/Srp.java. Using fallback presentation compiler.
2026.05.03 17:25:49 INFO  no build target found for /home/v-guhan-techy/projects/system-design-blueprints/LLD/SOLID_Principles/Srp.java. Using fallback presentation compiler.
2026.05.03 17:25:51 INFO  no build target found for /home/v-guhan-techy/projects/system-design-blueprints/LLD/SOLID_Principles/Srp.java. Using fallback presentation compiler.
2026.05.03 17:25:51 INFO  no build target found for /home/v-guhan-techy/projects/system-design-blueprints/LLD/SOLID_Principles/Srp.java. Using fallback presentation compiler.
2026.05.03 17:25:51 INFO  no build target found for /home/v-guhan-techy/projects/system-design-blueprints/LLD/SOLID_Principles/Srp.java. Using fallback presentation compiler.
2026.05.03 17:25:51 INFO  no build target found for /home/v-guhan-techy/projects/system-design-blueprints/LLD/SOLID_Principles/Srp.java. Using fallback presentation compiler.
2026.05.03 17:26:02 INFO  no build target found for /home/v-guhan-techy/projects/system-design-blueprints/LLD/SOLID_Principles/Srp.java. Using fallback presentation compiler.
2026.05.03 17:26:03 INFO  no build target found for /home/v-guhan-techy/projects/system-design-blueprints/LLD/SOLID_Principles/Srp.java. Using fallback presentation compiler.
2026.05.03 17:26:03 INFO  no build target found for /home/v-guhan-techy/projects/system-design-blueprints/LLD/SOLID_Principles/Srp.java. Using fallback presentation compiler.
2026.05.03 17:26:03 INFO  no build target found for /home/v-guhan-techy/projects/system-design-blueprints/LLD/SOLID_Principles/Srp.java. Using fallback presentation compiler.
2026.05.03 17:26:04 INFO  no build target found for /home/v-guhan-techy/projects/system-design-blueprints/LLD/SOLID_Principles/Srp.java. Using fallback presentation compiler.
2026.05.03 17:26:05 INFO  no build target found for /home/v-guhan-techy/projects/system-design-blueprints/LLD/SOLID_Principles/Srp.java. Using fallback presentation compiler.
2026.05.03 17:26:05 WARN  no build target for: /home/v-guhan-techy/projects/system-design-blueprints/LLD/SOLID_Principles/Srp.java
2026.05.03 17:26:05 INFO  no build target found for /home/v-guhan-techy/projects/system-design-blueprints/LLD/SOLID_Principles/Srp.java. Using fallback presentation compiler.
2026.05.03 17:26:13 INFO  no build target found for /home/v-guhan-techy/projects/system-design-blueprints/LLD/SOLID_Principles/Srp.java. Using fallback presentation compiler.
2026.05.03 17:26:13 INFO  no build target found for /home/v-guhan-techy/projects/system-design-blueprints/LLD/SOLID_Principles/Srp.java. Using fallback presentation compiler.
2026.05.03 17:26:13 INFO  no build target found for /home/v-guhan-techy/projects/system-design-blueprints/LLD/SOLID_Principles/Srp.java. Using fallback presentation compiler.
2026.05.03 17:26:13 WARN  Running javac-semanticdb failed for file:///home/v-guhan-techy/projects/system-design-blueprints/LLD/SOLID_Principles/Srp.java. Output:

2026.05.03 17:26:14 INFO  no build target found for /home/v-guhan-techy/projects/system-design-blueprints/LLD/SOLID_Principles/Srp.java. Using fallback presentation compiler.
2026.05.03 17:26:13 INFO  no build target found for /home/v-guhan-techy/projects/system-design-blueprints/LLD/SOLID_Principles/Srp.java. Using fallback presentation compiler.
2026.05.03 17:26:14 INFO  no build target found for /home/v-guhan-techy/projects/system-design-blueprints/LLD/SOLID_Principles/Srp.java. Using fallback presentation compiler.
2026.05.03 17:26:14 WARN  no build target for: /home/v-guhan-techy/projects/system-design-blueprints/LLD/SOLID_Principles/Srp.java
2026.05.03 17:26:14 INFO  no build target found for /home/v-guhan-techy/projects/system-design-blueprints/LLD/SOLID_Principles/Srp.java. Using fallback presentation compiler.
2026.05.03 17:26:14 WARN  Running javac-semanticdb failed for file:///home/v-guhan-techy/projects/system-design-blueprints/LLD/SOLID_Principles/Srp.java. Output:

2026.05.03 17:26:14 INFO  no build target found for /home/v-guhan-techy/projects/system-design-blueprints/LLD/SOLID_Principles/Srp.java. Using fallback presentation compiler.
2026.05.03 17:26:14 INFO  no build target found for /home/v-guhan-techy/projects/system-design-blueprints/LLD/SOLID_Principles/Srp.java. Using fallback presentation compiler.
2026.05.03 17:26:14 INFO  no build target found for /home/v-guhan-techy/projects/system-design-blueprints/LLD/SOLID_Principles/Srp.java. Using fallback presentation compiler.
2026.05.03 17:26:15 INFO  no build target found for /home/v-guhan-techy/projects/system-design-blueprints/LLD/SOLID_Principles/Srp.java. Using fallback presentation compiler.
2026.05.03 17:26:14 INFO  no build target found for /home/v-guhan-techy/projects/system-design-blueprints/LLD/SOLID_Principles/Srp.java. Using fallback presentation compiler.
2026.05.03 17:26:15 INFO  no build target found for /home/v-guhan-techy/projects/system-design-blueprints/LLD/SOLID_Principles/Srp.java. Using fallback presentation compiler.
2026.05.03 17:26:15 WARN  Running javac-semanticdb failed for file:///home/v-guhan-techy/projects/system-design-blueprints/LLD/SOLID_Principles/Srp.java. Output:

2026.05.03 17:26:15 INFO  no build target found for /home/v-guhan-techy/projects/system-design-blueprints/LLD/SOLID_Principles/Srp.java. Using fallback presentation compiler.
2026.05.03 17:26:15 INFO  no build target found for /home/v-guhan-techy/projects/system-design-blueprints/LLD/SOLID_Principles/Srp.java. Using fallback presentation compiler.
2026.05.03 17:26:15 INFO  no build target found for /home/v-guhan-techy/projects/system-design-blueprints/LLD/SOLID_Principles/Srp.java. Using fallback presentation compiler.
2026.05.03 17:26:15 WARN  Running javac-semanticdb failed for file:///home/v-guhan-techy/projects/system-design-blueprints/LLD/SOLID_Principles/Srp.java. Output:

2026.05.03 17:26:15 INFO  no build target found for /home/v-guhan-techy/projects/system-design-blueprints/LLD/SOLID_Principles/Srp.java. Using fallback presentation compiler.
2026.05.03 17:26:16 WARN  Running javac-semanticdb failed for file:///home/v-guhan-techy/projects/system-design-blueprints/LLD/SOLID_Principles/Srp.java. Output:

2026.05.03 17:26:16 INFO  no build target found for /home/v-guhan-techy/projects/system-design-blueprints/LLD/SOLID_Principles/Srp.java. Using fallback presentation compiler.
2026.05.03 17:26:15 INFO  no build target found for /home/v-guhan-techy/projects/system-design-blueprints/LLD/SOLID_Principles/Srp.java. Using fallback presentation compiler.
2026.05.03 17:26:16 WARN  Running javac-semanticdb failed for file:///home/v-guhan-techy/projects/system-design-blueprints/LLD/SOLID_Principles/Srp.java. Output:

2026.05.03 17:26:16 INFO  no build target found for /home/v-guhan-techy/projects/system-design-blueprints/LLD/SOLID_Principles/Srp.java. Using fallback presentation compiler.
2026.05.03 17:26:16 INFO  no build target found for /home/v-guhan-techy/projects/system-design-blueprints/LLD/SOLID_Principles/Srp.java. Using fallback presentation compiler.
2026.05.03 17:26:16 INFO  no build target found for /home/v-guhan-techy/projects/system-design-blueprints/LLD/SOLID_Principles/Srp.java. Using fallback presentation compiler.
2026.05.03 17:26:16 INFO  no build target found for /home/v-guhan-techy/projects/system-design-blueprints/LLD/SOLID_Principles/Srp.java. Using fallback presentation compiler.
2026.05.03 17:26:16 INFO  no build target found for /home/v-guhan-techy/projects/system-design-blueprints/LLD/SOLID_Principles/Srp.java. Using fallback presentation compiler.
2026.05.03 17:26:16 INFO  no build target found for /home/v-guhan-techy/projects/system-design-blueprints/LLD/SOLID_Principles/Srp.java. Using fallback presentation compiler.
2026.05.03 17:26:16 INFO  no build target found for /home/v-guhan-techy/projects/system-design-blueprints/LLD/SOLID_Principles/Srp.java. Using fallback presentation compiler.
2026.05.03 17:26:17 INFO  no build target found for /home/v-guhan-techy/projects/system-design-blueprints/LLD/SOLID_Principles/Srp.java. Using fallback presentation compiler.
2026.05.03 17:26:17 WARN  Running javac-semanticdb failed for file:///home/v-guhan-techy/projects/system-design-blueprints/LLD/SOLID_Principles/Srp.java. Output:

2026.05.03 17:26:17 INFO  no build target found for /home/v-guhan-techy/projects/system-design-blueprints/LLD/SOLID_Principles/Srp.java. Using fallback presentation compiler.
2026.05.03 17:26:17 INFO  no build target found for /home/v-guhan-techy/projects/system-design-blueprints/LLD/SOLID_Principles/Srp.java. Using fallback presentation compiler.
2026.05.03 17:26:17 INFO  no build target found for /home/v-guhan-techy/projects/system-design-blueprints/LLD/SOLID_Principles/Srp.java. Using fallback presentation compiler.
2026.05.03 17:26:17 INFO  no build target found for /home/v-guhan-techy/projects/system-design-blueprints/LLD/SOLID_Principles/Srp.java. Using fallback presentation compiler.
2026.05.03 17:26:18 INFO  no build target found for /home/v-guhan-techy/projects/system-design-blueprints/LLD/SOLID_Principles/Srp.java. Using fallback presentation compiler.
2026.05.03 17:26:17 INFO  no build target found for /home/v-guhan-techy/projects/system-design-blueprints/LLD/SOLID_Principles/Srp.java. Using fallback presentation compiler.
2026.05.03 17:26:17 INFO  no build target found for /home/v-guhan-techy/projects/system-design-blueprints/LLD/SOLID_Principles/Srp.java. Using fallback presentation compiler.
2026.05.03 17:26:18 WARN  Running javac-semanticdb failed for file:///home/v-guhan-techy/projects/system-design-blueprints/LLD/SOLID_Principles/Srp.java. Output:

2026.05.03 17:26:18 INFO  no build target found for /home/v-guhan-techy/projects/system-design-blueprints/LLD/SOLID_Principles/Srp.java. Using fallback presentation compiler.
2026.05.03 17:26:18 INFO  no build target found for /home/v-guhan-techy/projects/system-design-blueprints/LLD/SOLID_Principles/Srp.java. Using fallback presentation compiler.
2026.05.03 17:26:18 INFO  no build target found for /home/v-guhan-techy/projects/system-design-blueprints/LLD/SOLID_Principles/Srp.java. Using fallback presentation compiler.
2026.05.03 17:26:18 INFO  no build target found for /home/v-guhan-techy/projects/system-design-blueprints/LLD/SOLID_Principles/Srp.java. Using fallback presentation compiler.
2026.05.03 17:26:18 INFO  no build target found for /home/v-guhan-techy/projects/system-design-blueprints/LLD/SOLID_Principles/Srp.java. Using fallback presentation compiler.
2026.05.03 17:26:19 INFO  no build target found for /home/v-guhan-techy/projects/system-design-blueprints/LLD/SOLID_Principles/Srp.java. Using fallback presentation compiler.
2026.05.03 17:26:18 INFO  no build target found for /home/v-guhan-techy/projects/system-design-blueprints/LLD/SOLID_Principles/Srp.java. Using fallback presentation compiler.
2026.05.03 17:26:18 INFO  no build target found for /home/v-guhan-techy/projects/system-design-blueprints/LLD/SOLID_Principles/Srp.java. Using fallback presentation compiler.
2026.05.03 17:26:19 INFO  no build target found for /home/v-guhan-techy/projects/system-design-blueprints/LLD/SOLID_Principles/Srp.java. Using fallback presentation compiler.
2026.05.03 17:26:19 WARN  Running javac-semanticdb failed for file:///home/v-guhan-techy/projects/system-design-blueprints/LLD/SOLID_Principles/Srp.java. Output:

2026.05.03 17:26:19 INFO  no build target found for /home/v-guhan-techy/projects/system-design-blueprints/LLD/SOLID_Principles/Srp.java. Using fallback presentation compiler.
2026.05.03 17:26:19 INFO  no build target found for /home/v-guhan-techy/projects/system-design-blueprints/LLD/SOLID_Principles/Srp.java. Using fallback presentation compiler.
2026.05.03 17:26:19 INFO  no build target found for /home/v-guhan-techy/projects/system-design-blueprints/LLD/SOLID_Principles/Srp.java. Using fallback presentation compiler.
2026.05.03 17:26:20 WARN  Running javac-semanticdb failed for file:///home/v-guhan-techy/projects/system-design-blueprints/LLD/SOLID_Principles/Srp.java. Output:

2026.05.03 17:26:19 INFO  no build target found for /home/v-guhan-techy/projects/system-design-blueprints/LLD/SOLID_Principles/Srp.java. Using fallback presentation compiler.
2026.05.03 17:26:19 INFO  no build target found for /home/v-guhan-techy/projects/system-design-blueprints/LLD/SOLID_Principles/Srp.java. Using fallback presentation compiler.
2026.05.03 17:26:21 WARN  no build target for: /home/v-guhan-techy/projects/system-design-blueprints/LLD/SOLID_Principles/Srp.java
2026.05.03 17:26:21 INFO  no build target found for /home/v-guhan-techy/projects/system-design-blueprints/LLD/SOLID_Principles/Srp.java. Using fallback presentation compiler.
2026.05.03 17:26:21 INFO  Created report: Optional[file:///home/v-guhan-techy/projects/system-design-blueprints/LLD/SOLID_Principles/Srp.java]
2026.05.03 17:26:21 INFO  QDox parse error in file:///home/v-guhan-techy/projects/system-design-blueprints/LLD/SOLID_Principles/Srp.java (full report at: "/home/v-guhan-techy/projects/system-design-blueprints/.metals/.reports/metals-full/2026-05-03/r_qdox-error_17-26-21-044.md")
2026.05.03 17:26:21 INFO  no build target found for /home/v-guhan-techy/projects/system-design-blueprints/LLD/SOLID_Principles/Srp.java. Using fallback presentation compiler.
2026.05.03 17:26:21 WARN  no build target for: /home/v-guhan-techy/projects/system-design-blueprints/LLD/SOLID_Principles/D.java
2026.05.03 17:26:21 INFO  no build target found for /home/v-guhan-techy/projects/system-design-blueprints/LLD/SOLID_Principles/D.java. Using fallback presentation compiler.
2026.05.03 17:26:20 WARN  Running javac-semanticdb failed for file:///home/v-guhan-techy/projects/system-design-blueprints/LLD/SOLID_Principles/D.java. Output:

2026.05.03 17:26:21 INFO  no build target found for /home/v-guhan-techy/projects/system-design-blueprints/LLD/SOLID_Principles/D.java. Using fallback presentation compiler.
2026.05.03 17:26:21 INFO  no build target found for /home/v-guhan-techy/projects/system-design-blueprints/LLD/SOLID_Principles/D.java. Using fallback presentation compiler.
2026.05.03 17:26:21 INFO  no build target found for /home/v-guhan-techy/projects/system-design-blueprints/LLD/SOLID_Principles/D.java. Using fallback presentation compiler.
2026.05.03 17:26:21 INFO  no build target found for /home/v-guhan-techy/projects/system-design-blueprints/LLD/SOLID_Principles/D.java. Using fallback presentation compiler.
2026.05.03 17:26:21 INFO  no build target found for /home/v-guhan-techy/projects/system-design-blueprints/LLD/SOLID_Principles/D.java. Using fallback presentation compiler.
2026.05.03 17:26:22 INFO  no build target found for /home/v-guhan-techy/projects/system-design-blueprints/LLD/SOLID_Principles/D.java. Using fallback presentation compiler.
2026.05.03 17:26:22 INFO  no build target found for /home/v-guhan-techy/projects/system-design-blueprints/LLD/SOLID_Principles/D.java. Using fallback presentation compiler.
2026.05.03 17:26:23 INFO  no build target found for /home/v-guhan-techy/projects/system-design-blueprints/LLD/SOLID_Principles/D.java. Using fallback presentation compiler.
2026.05.03 17:26:23 INFO  no build target found for /home/v-guhan-techy/projects/system-design-blueprints/LLD/SOLID_Principles/D.java. Using fallback presentation compiler.
2026.05.03 17:26:24 INFO  no build target found for /home/v-guhan-techy/projects/system-design-blueprints/LLD/SOLID_Principles/D.java. Using fallback presentation compiler.
2026.05.03 17:26:24 WARN  Running javac-semanticdb failed for file:///home/v-guhan-techy/projects/system-design-blueprints/LLD/SOLID_Principles/D.java. Output:

2026.05.03 17:26:24 INFO  no build target found for /home/v-guhan-techy/projects/system-design-blueprints/LLD/SOLID_Principles/D.java. Using fallback presentation compiler.
2026.05.03 17:26:24 INFO  no build target found for /home/v-guhan-techy/projects/system-design-blueprints/LLD/SOLID_Principles/D.java. Using fallback presentation compiler.
2026.05.03 17:26:24 INFO  no build target found for /home/v-guhan-techy/projects/system-design-blueprints/LLD/SOLID_Principles/D.java. Using fallback presentation compiler.
2026.05.03 17:26:24 INFO  no build target found for /home/v-guhan-techy/projects/system-design-blueprints/LLD/SOLID_Principles/D.java. Using fallback presentation compiler.
2026.05.03 17:26:24 INFO  no build target found for /home/v-guhan-techy/projects/system-design-blueprints/LLD/SOLID_Principles/D.java. Using fallback presentation compiler.
2026.05.03 17:26:25 WARN  Running javac-semanticdb failed for file:///home/v-guhan-techy/projects/system-design-blueprints/LLD/SOLID_Principles/D.java. Output:

2026.05.03 17:26:24 INFO  no build target found for /home/v-guhan-techy/projects/system-design-blueprints/LLD/SOLID_Principles/D.java. Using fallback presentation compiler.
2026.05.03 17:26:25 INFO  no build target found for /home/v-guhan-techy/projects/system-design-blueprints/LLD/SOLID_Principles/D.java. Using fallback presentation compiler.
2026.05.03 17:26:25 INFO  no build target found for /home/v-guhan-techy/projects/system-design-blueprints/LLD/SOLID_Principles/D.java. Using fallback presentation compiler.
2026.05.03 17:26:25 INFO  no build target found for /home/v-guhan-techy/projects/system-design-blueprints/LLD/SOLID_Principles/D.java. Using fallback presentation compiler.
2026.05.03 17:26:26 WARN  no build target for: /home/v-guhan-techy/projects/system-design-blueprints/LLD/SOLID_Principles/D.java
2026.05.03 17:26:26 INFO  Created report: Optional[file:///home/v-guhan-techy/projects/system-design-blueprints/LLD/SOLID_Principles/D.java]
2026.05.03 17:26:26 INFO  QDox parse error in file:///home/v-guhan-techy/projects/system-design-blueprints/LLD/SOLID_Principles/D.java (full report at: "/home/v-guhan-techy/projects/system-design-blueprints/.metals/.reports/metals-full/2026-05-03/r_qdox-error_17-26-26-184.md")
2026.05.03 17:26:26 INFO  no build target found for /home/v-guhan-techy/projects/system-design-blueprints/LLD/SOLID_Principles/D.java. Using fallback presentation compiler.
2026.05.03 17:26:26 WARN  Running javac-semanticdb failed for file:///home/v-guhan-techy/projects/system-design-blueprints/LLD/SOLID_Principles/D.java. Output:

2026.05.03 17:26:25 INFO  no build target found for /home/v-guhan-techy/projects/system-design-blueprints/LLD/SOLID_Principles/D.java. Using fallback presentation compiler.
2026.05.03 17:26:25 INFO  no build target found for /home/v-guhan-techy/projects/system-design-blueprints/LLD/SOLID_Principles/D.java. Using fallback presentation compiler.
2026.05.03 17:26:26 WARN  no build target for: /home/v-guhan-techy/projects/system-design-blueprints/LLD/SOLID_Principles/S.java
2026.05.03 17:26:25 INFO  no build target found for /home/v-guhan-techy/projects/system-design-blueprints/LLD/SOLID_Principles/S.java. Using fallback presentation compiler.
2026.05.03 17:26:26 WARN  Running javac-semanticdb failed for file:///home/v-guhan-techy/projects/system-design-blueprints/LLD/SOLID_Principles/S.java. Output:

2026.05.03 17:26:26 INFO  no build target found for /home/v-guhan-techy/projects/system-design-blueprints/LLD/SOLID_Principles/S.java. Using fallback presentation compiler.
2026.05.03 17:26:25 INFO  no build target found for /home/v-guhan-techy/projects/system-design-blueprints/LLD/SOLID_Principles/S.java. Using fallback presentation compiler.
2026.05.03 17:26:25 INFO  no build target found for /home/v-guhan-techy/projects/system-design-blueprints/LLD/SOLID_Principles/S.java. Using fallback presentation compiler.
2026.05.03 17:26:26 INFO  no build target found for /home/v-guhan-techy/projects/system-design-blueprints/LLD/SOLID_Principles/S.java. Using fallback presentation compiler.
2026.05.03 17:26:27 INFO  no build target found for /home/v-guhan-techy/projects/system-design-blueprints/LLD/SOLID_Principles/S.java. Using fallback presentation compiler.
2026.05.03 17:26:27 INFO  no build target found for /home/v-guhan-techy/projects/system-design-blueprints/LLD/SOLID_Principles/S.java. Using fallback presentation compiler.
2026.05.03 17:26:27 INFO  no build target found for /home/v-guhan-techy/projects/system-design-blueprints/LLD/SOLID_Principles/S.java. Using fallback presentation compiler.
2026.05.03 17:26:28 INFO  no build target found for /home/v-guhan-techy/projects/system-design-blueprints/LLD/SOLID_Principles/S.java. Using fallback presentation compiler.
2026.05.03 17:26:28 INFO  no build target found for /home/v-guhan-techy/projects/system-design-blueprints/LLD/SOLID_Principles/S.java. Using fallback presentation compiler.
2026.05.03 17:26:28 INFO  no build target found for /home/v-guhan-techy/projects/system-design-blueprints/LLD/SOLID_Principles/S.java. Using fallback presentation compiler.
2026.05.03 17:26:28 INFO  no build target found for /home/v-guhan-techy/projects/system-design-blueprints/LLD/SOLID_Principles/S.java. Using fallback presentation compiler.
2026.05.03 17:26:28 INFO  no build target found for /home/v-guhan-techy/projects/system-design-blueprints/LLD/SOLID_Principles/S.java. Using fallback presentation compiler.
2026.05.03 17:26:29 INFO  no build target found for /home/v-guhan-techy/projects/system-design-blueprints/LLD/SOLID_Principles/S.java. Using fallback presentation compiler.
2026.05.03 17:26:28 INFO  no build target found for /home/v-guhan-techy/projects/system-design-blueprints/LLD/SOLID_Principles/S.java. Using fallback presentation compiler.
2026.05.03 17:26:29 INFO  no build target found for /home/v-guhan-techy/projects/system-design-blueprints/LLD/SOLID_Principles/S.java. Using fallback presentation compiler.
2026.05.03 17:26:29 INFO  no build target found for /home/v-guhan-techy/projects/system-design-blueprints/LLD/SOLID_Principles/S.java. Using fallback presentation compiler.
2026.05.03 17:26:29 INFO  no build target found for /home/v-guhan-techy/projects/system-design-blueprints/LLD/SOLID_Principles/S.java. Using fallback presentation compiler.
2026.05.03 17:26:30 INFO  no build target found for /home/v-guhan-techy/projects/system-design-blueprints/LLD/SOLID_Principles/S.java. Using fallback presentation compiler.
2026.05.03 17:26:29 INFO  no build target found for /home/v-guhan-techy/projects/system-design-blueprints/LLD/SOLID_Principles/S.java. Using fallback presentation compiler.
2026.05.03 17:26:29 INFO  no build target found for /home/v-guhan-techy/projects/system-design-blueprints/LLD/SOLID_Principles/S.java. Using fallback presentation compiler.
2026.05.03 17:26:29 INFO  no build target found for /home/v-guhan-techy/projects/system-design-blueprints/LLD/SOLID_Principles/S.java. Using fallback presentation compiler.
2026.05.03 17:26:29 INFO  no build target found for /home/v-guhan-techy/projects/system-design-blueprints/LLD/SOLID_Principles/S.java. Using fallback presentation compiler.
2026.05.03 17:26:29 INFO  no build target found for /home/v-guhan-techy/projects/system-design-blueprints/LLD/SOLID_Principles/S.java. Using fallback presentation compiler.
2026.05.03 17:26:30 INFO  no build target found for /home/v-guhan-techy/projects/system-design-blueprints/LLD/SOLID_Principles/S.java. Using fallback presentation compiler.
2026.05.03 17:26:30 INFO  no build target found for /home/v-guhan-techy/projects/system-design-blueprints/LLD/SOLID_Principles/S.java. Using fallback presentation compiler.
2026.05.03 17:26:30 WARN  Running javac-semanticdb failed for file:///home/v-guhan-techy/projects/system-design-blueprints/LLD/SOLID_Principles/S.java. Output:

2026.05.03 17:26:30 INFO  no build target found for /home/v-guhan-techy/projects/system-design-blueprints/LLD/SOLID_Principles/S.java. Using fallback presentation compiler.
2026.05.03 17:26:30 INFO  no build target found for /home/v-guhan-techy/projects/system-design-blueprints/LLD/SOLID_Principles/S.java. Using fallback presentation compiler.
2026.05.03 17:26:30 INFO  no build target found for /home/v-guhan-techy/projects/system-design-blueprints/LLD/SOLID_Principles/S.java. Using fallback presentation compiler.
2026.05.03 17:26:30 WARN  Running javac-semanticdb failed for file:///home/v-guhan-techy/projects/system-design-blueprints/LLD/SOLID_Principles/S.java. Output:

2026.05.03 17:26:30 INFO  no build target found for /home/v-guhan-techy/projects/system-design-blueprints/LLD/SOLID_Principles/S.java. Using fallback presentation compiler.
2026.05.03 17:26:30 INFO  no build target found for /home/v-guhan-techy/projects/system-design-blueprints/LLD/SOLID_Principles/S.java. Using fallback presentation compiler.
2026.05.03 17:26:30 INFO  no build target found for /home/v-guhan-techy/projects/system-design-blueprints/LLD/SOLID_Principles/S.java. Using fallback presentation compiler.
2026.05.03 17:26:30 INFO  no build target found for /home/v-guhan-techy/projects/system-design-blueprints/LLD/SOLID_Principles/S.java. Using fallback presentation compiler.
2026.05.03 17:26:31 INFO  no build target found for /home/v-guhan-techy/projects/system-design-blueprints/LLD/SOLID_Principles/S.java. Using fallback presentation compiler.
2026.05.03 17:26:31 WARN  Running javac-semanticdb failed for file:///home/v-guhan-techy/projects/system-design-blueprints/LLD/SOLID_Principles/S.java. Output:

2026.05.03 17:26:31 INFO  no build target found for /home/v-guhan-techy/projects/system-design-blueprints/LLD/SOLID_Principles/S.java. Using fallback presentation compiler.
2026.05.03 17:26:31 INFO  no build target found for /home/v-guhan-techy/projects/system-design-blueprints/LLD/SOLID_Principles/S.java. Using fallback presentation compiler.
2026.05.03 17:26:31 INFO  no build target found for /home/v-guhan-techy/projects/system-design-blueprints/LLD/SOLID_Principles/S.java. Using fallback presentation compiler.
2026.05.03 17:26:31 INFO  no build target found for /home/v-guhan-techy/projects/system-design-blueprints/LLD/SOLID_Principles/S.java. Using fallback presentation compiler.
2026.05.03 17:26:31 WARN  no build target for: /home/v-guhan-techy/projects/system-design-blueprints/LLD/SOLID_Principles/S.java
2026.05.03 17:26:32 INFO  Created report: Optional[file:///home/v-guhan-techy/projects/system-design-blueprints/LLD/SOLID_Principles/S.java]
2026.05.03 17:26:32 INFO  QDox parse error in file:///home/v-guhan-techy/projects/system-design-blueprints/LLD/SOLID_Principles/S.java (full report at: "/home/v-guhan-techy/projects/system-design-blueprints/.metals/.reports/metals-full/2026-05-03/r_qdox-error_17-26-32-711.md")
2026.05.03 17:26:32 INFO  no build target found for /home/v-guhan-techy/projects/system-design-blueprints/LLD/SOLID_Principles/S.java. Using fallback presentation compiler.
2026.05.03 17:26:32 WARN  Running javac-semanticdb failed for file:///home/v-guhan-techy/projects/system-design-blueprints/LLD/SOLID_Principles/S.java. Output:

2026.05.03 17:26:31 INFO  no build target found for /home/v-guhan-techy/projects/system-design-blueprints/LLD/SOLID_Principles/S.java. Using fallback presentation compiler.
2026.05.03 17:26:32 WARN  no build target for: /home/v-guhan-techy/projects/system-design-blueprints/LLD/SOLID_Principles/SingleIns.java
2026.05.03 17:26:32 INFO  no build target found for /home/v-guhan-techy/projects/system-design-blueprints/LLD/SOLID_Principles/SingleIns.java. Using fallback presentation compiler.
2026.05.03 17:26:32 WARN  Running javac-semanticdb failed for file:///home/v-guhan-techy/projects/system-design-blueprints/LLD/SOLID_Principles/SingleIns.java. Output:

2026.05.03 17:26:32 INFO  no build target found for /home/v-guhan-techy/projects/system-design-blueprints/LLD/SOLID_Principles/SingleIns.java. Using fallback presentation compiler.
2026.05.03 17:26:32 INFO  no build target found for /home/v-guhan-techy/projects/system-design-blueprints/LLD/SOLID_Principles/SingleIns.java. Using fallback presentation compiler.
2026.05.03 17:26:32 INFO  no build target found for /home/v-guhan-techy/projects/system-design-blueprints/LLD/SOLID_Principles/SingleIns.java. Using fallback presentation compiler.
2026.05.03 17:26:33 INFO  no build target found for /home/v-guhan-techy/projects/system-design-blueprints/LLD/SOLID_Principles/SingleIns.java. Using fallback presentation compiler.
2026.05.03 17:26:32 INFO  no build target found for /home/v-guhan-techy/projects/system-design-blueprints/LLD/SOLID_Principles/SingleIns.java. Using fallback presentation compiler.
2026.05.03 17:26:33 INFO  no build target found for /home/v-guhan-techy/projects/system-design-blueprints/LLD/SOLID_Principles/SingleIns.java. Using fallback presentation compiler.
2026.05.03 17:26:33 INFO  no build target found for /home/v-guhan-techy/projects/system-design-blueprints/LLD/SOLID_Principles/SingleIns.java. Using fallback presentation compiler.
2026.05.03 17:26:33 INFO  no build target found for /home/v-guhan-techy/projects/system-design-blueprints/LLD/SOLID_Principles/SingleIns.java. Using fallback presentation compiler.
2026.05.03 17:26:35 INFO  no build target found for /home/v-guhan-techy/projects/system-design-blueprints/LLD/SOLID_Principles/SingleIns.java. Using fallback presentation compiler.
2026.05.03 17:26:35 INFO  no build target found for /home/v-guhan-techy/projects/system-design-blueprints/LLD/SOLID_Principles/SingleIns.java. Using fallback presentation compiler.
2026.05.03 17:26:35 INFO  no build target found for /home/v-guhan-techy/projects/system-design-blueprints/LLD/SOLID_Principles/SingleIns.java. Using fallback presentation compiler.
2026.05.03 17:26:35 INFO  no build target found for /home/v-guhan-techy/projects/system-design-blueprints/LLD/SOLID_Principles/SingleIns.java. Using fallback presentation compiler.
2026.05.03 17:26:35 INFO  no build target found for /home/v-guhan-techy/projects/system-design-blueprints/LLD/SOLID_Principles/SingleIns.java. Using fallback presentation compiler.
2026.05.03 17:26:36 INFO  no build target found for /home/v-guhan-techy/projects/system-design-blueprints/LLD/SOLID_Principles/SingleIns.java. Using fallback presentation compiler.
2026.05.03 17:26:35 INFO  no build target found for /home/v-guhan-techy/projects/system-design-blueprints/LLD/SOLID_Principles/SingleIns.java. Using fallback presentation compiler.
2026.05.03 17:26:36 WARN  Running javac-semanticdb failed for file:///home/v-guhan-techy/projects/system-design-blueprints/LLD/SOLID_Principles/SingleIns.java. Output:

2026.05.03 17:26:36 INFO  no build target found for /home/v-guhan-techy/projects/system-design-blueprints/LLD/SOLID_Principles/SingleIns.java. Using fallback presentation compiler.
2026.05.03 17:26:37 WARN  no build target for: /home/v-guhan-techy/projects/system-design-blueprints/LLD/SOLID_Principles/SingleIns.java
2026.05.03 17:26:37 INFO  Created report: Optional[file:///home/v-guhan-techy/projects/system-design-blueprints/LLD/SOLID_Principles/SingleIns.java]
2026.05.03 17:26:37 INFO  QDox parse error in file:///home/v-guhan-techy/projects/system-design-blueprints/LLD/SOLID_Principles/SingleIns.java (full report at: "/home/v-guhan-techy/projects/system-design-blueprints/.metals/.reports/metals-full/2026-05-03/r_qdox-error_17-26-37-161.md")
2026.05.03 17:26:36 INFO  no build target found for /home/v-guhan-techy/projects/system-design-blueprints/LLD/SOLID_Principles/SingleIns.java. Using fallback presentation compiler.
2026.05.03 17:26:37 INFO  no build target found for /home/v-guhan-techy/projects/system-design-blueprints/LLD/SOLID_Principles/SingleIns.java. Using fallback presentation compiler.
2026.05.03 17:26:36 INFO  no build target found for /home/v-guhan-techy/projects/system-design-blueprints/LLD/SOLID_Principles/SingleIns.java. Using fallback presentation compiler.
2026.05.03 17:26:37 WARN  no build target for: /home/v-guhan-techy/projects/system-design-blueprints/LLD/SOLID_Principles/SingleInstan.java
2026.05.03 17:26:36 INFO  no build target found for /home/v-guhan-techy/projects/system-design-blueprints/LLD/SOLID_Principles/SingleInstan.java. Using fallback presentation compiler.
2026.05.03 17:26:37 WARN  Running javac-semanticdb failed for file:///home/v-guhan-techy/projects/system-design-blueprints/LLD/SOLID_Principles/SingleInstan.java. Output:

2026.05.03 17:26:37 INFO  no build target found for /home/v-guhan-techy/projects/system-design-blueprints/LLD/SOLID_Principles/SingleInstan.java. Using fallback presentation compiler.
2026.05.03 17:26:36 INFO  no build target found for /home/v-guhan-techy/projects/system-design-blueprints/LLD/SOLID_Principles/SingleInstan.java. Using fallback presentation compiler.
2026.05.03 17:26:36 INFO  no build target found for /home/v-guhan-techy/projects/system-design-blueprints/LLD/SOLID_Principles/SingleInstan.java. Using fallback presentation compiler.
2026.05.03 17:26:37 INFO  no build target found for /home/v-guhan-techy/projects/system-design-blueprints/LLD/SOLID_Principles/SingleInstan.java. Using fallback presentation compiler.
2026.05.03 17:26:38 INFO  no build target found for /home/v-guhan-techy/projects/system-design-blueprints/LLD/SOLID_Principles/SingleInstan.java. Using fallback presentation compiler.
2026.05.03 17:26:38 INFO  no build target found for /home/v-guhan-techy/projects/system-design-blueprints/LLD/SOLID_Principles/SingleInstan.java. Using fallback presentation compiler.
2026.05.03 17:26:39 INFO  no build target found for /home/v-guhan-techy/projects/system-design-blueprints/LLD/SOLID_Principles/SingleInstan.java. Using fallback presentation compiler.
2026.05.03 17:26:39 INFO  no build target found for /home/v-guhan-techy/projects/system-design-blueprints/LLD/SOLID_Principles/SingleInstan.java. Using fallback presentation compiler.
2026.05.03 17:26:40 INFO  no build target found for /home/v-guhan-techy/projects/system-design-blueprints/LLD/SOLID_Principles/SingleInstan.java. Using fallback presentation compiler.
2026.05.03 17:26:40 INFO  no build target found for /home/v-guhan-techy/projects/system-design-blueprints/LLD/SOLID_Principles/SingleInstan.java. Using fallback presentation compiler.
2026.05.03 17:26:41 INFO  no build target found for /home/v-guhan-techy/projects/system-design-blueprints/LLD/SOLID_Principles/SingleInstan.java. Using fallback presentation compiler.
2026.05.03 17:26:41 INFO  no build target found for /home/v-guhan-techy/projects/system-design-blueprints/LLD/SOLID_Principles/SingleInstan.java. Using fallback presentation compiler.
2026.05.03 17:26:41 INFO  no build target found for /home/v-guhan-techy/projects/system-design-blueprints/LLD/SOLID_Principles/SingleInstan.java. Using fallback presentation compiler.
2026.05.03 17:26:41 INFO  no build target found for /home/v-guhan-techy/projects/system-design-blueprints/LLD/SOLID_Principles/SingleInstan.java. Using fallback presentation compiler.
2026.05.03 17:26:42 INFO  no build target found for /home/v-guhan-techy/projects/system-design-blueprints/LLD/SOLID_Principles/SingleInstan.java. Using fallback presentation compiler.
2026.05.03 17:26:41 INFO  no build target found for /home/v-guhan-techy/projects/system-design-blueprints/LLD/SOLID_Principles/SingleInstan.java. Using fallback presentation compiler.
2026.05.03 17:26:42 WARN  Running javac-semanticdb failed for file:///home/v-guhan-techy/projects/system-design-blueprints/LLD/SOLID_Principles/SingleInstan.java. Output:

2026.05.03 17:26:43 INFO  no build target found for /home/v-guhan-techy/projects/system-design-blueprints/LLD/SOLID_Principles/SingleInstan.java. Using fallback presentation compiler.
2026.05.03 17:26:43 WARN  no build target for: /home/v-guhan-techy/projects/system-design-blueprints/LLD/SOLID_Principles/SingleInstan.java
2026.05.03 17:26:43 INFO  Created report: Optional[file:///home/v-guhan-techy/projects/system-design-blueprints/LLD/SOLID_Principles/SingleInstan.java]
2026.05.03 17:26:43 INFO  QDox parse error in file:///home/v-guhan-techy/projects/system-design-blueprints/LLD/SOLID_Principles/SingleInstan.java (full report at: "/home/v-guhan-techy/projects/system-design-blueprints/.metals/.reports/metals-full/2026-05-03/r_qdox-error_17-26-43-164.md")
2026.05.03 17:26:43 INFO  no build target found for /home/v-guhan-techy/projects/system-design-blueprints/LLD/SOLID_Principles/SingleInstan.java. Using fallback presentation compiler.
2026.05.03 17:26:43 INFO  no build target found for /home/v-guhan-techy/projects/system-design-blueprints/LLD/SOLID_Principles/SingleInstan.java. Using fallback presentation compiler.
2026.05.03 17:26:43 WARN  no build target for: /home/v-guhan-techy/projects/system-design-blueprints/LLD/SOLID_Principles/SingleInstance.java
2026.05.03 17:26:43 WARN  Running javac-semanticdb failed for file:///home/v-guhan-techy/projects/system-design-blueprints/LLD/SOLID_Principles/SingleInstance.java. Output:

2026.05.03 17:26:43 INFO  no build target found for /home/v-guhan-techy/projects/system-design-blueprints/LLD/SOLID_Principles/SingleInstance.java. Using fallback presentation compiler.
2026.05.03 17:26:43 INFO  no build target found for /home/v-guhan-techy/projects/system-design-blueprints/LLD/SOLID_Principles/SingleInstance.java. Using fallback presentation compiler.
2026.05.03 17:26:43 INFO  no build target found for /home/v-guhan-techy/projects/system-design-blueprints/LLD/SOLID_Principles/SingleInstance.java. Using fallback presentation compiler.
2026.05.03 17:26:43 INFO  no build target found for /home/v-guhan-techy/projects/system-design-blueprints/LLD/SOLID_Principles/SingleInstance.java. Using fallback presentation compiler.
2026.05.03 17:26:43 INFO  no build target found for /home/v-guhan-techy/projects/system-design-blueprints/LLD/SOLID_Principles/SingleInstance.java. Using fallback presentation compiler.
2026.05.03 17:26:43 INFO  no build target found for /home/v-guhan-techy/projects/system-design-blueprints/LLD/SOLID_Principles/SingleInstance.java. Using fallback presentation compiler.
2026.05.03 17:26:44 INFO  no build target found for /home/v-guhan-techy/projects/system-design-blueprints/LLD/SOLID_Principles/SingleInstance.java. Using fallback presentation compiler.
2026.05.03 17:26:44 INFO  no build target found for /home/v-guhan-techy/projects/system-design-blueprints/LLD/SOLID_Principles/SingleInstance.java. Using fallback presentation compiler.
2026.05.03 17:26:45 INFO  no build target found for /home/v-guhan-techy/projects/system-design-blueprints/LLD/SOLID_Principles/SingleInstance.java. Using fallback presentation compiler.
2026.05.03 17:26:45 WARN  Running javac-semanticdb failed for file:///home/v-guhan-techy/projects/system-design-blueprints/LLD/SOLID_Principles/SingleInstance.java. Output:

2026.05.03 17:26:45 INFO  no build target found for /home/v-guhan-techy/projects/system-design-blueprints/LLD/SOLID_Principles/SingleInstance.java. Using fallback presentation compiler.
2026.05.03 17:26:46 WARN  no build target for: /home/v-guhan-techy/projects/system-design-blueprints/LLD/SOLID_Principles/SingleInstance.java
2026.05.03 17:26:46 INFO  Created report: Optional[file:///home/v-guhan-techy/projects/system-design-blueprints/LLD/SOLID_Principles/SingleInstance.java]
2026.05.03 17:26:46 INFO  QDox parse error in file:///home/v-guhan-techy/projects/system-design-blueprints/LLD/SOLID_Principles/SingleInstance.java (full report at: "/home/v-guhan-techy/projects/system-design-blueprints/.metals/.reports/metals-full/2026-05-03/r_qdox-error_17-26-46-612.md")
2026.05.03 17:26:46 INFO  no build target found for /home/v-guhan-techy/projects/system-design-blueprints/LLD/SOLID_Principles/SingleInstance.java. Using fallback presentation compiler.
2026.05.03 17:26:50 INFO  no build target found for /home/v-guhan-techy/projects/system-design-blueprints/LLD/SOLID_Principles/SingleInstance.java. Using fallback presentation compiler.
2026.05.03 17:26:50 INFO  no build target found for /home/v-guhan-techy/projects/system-design-blueprints/LLD/SOLID_Principles/SingleInstance.java. Using fallback presentation compiler.
2026.05.03 17:26:50 WARN  Running javac-semanticdb failed for file:///home/v-guhan-techy/projects/system-design-blueprints/LLD/SOLID_Principles/SingleInstance.java. Output:

2026.05.03 17:26:50 INFO  no build target found for /home/v-guhan-techy/projects/system-design-blueprints/LLD/SOLID_Principles/SingleInstance.java. Using fallback presentation compiler.
2026.05.03 17:26:50 INFO  no build target found for /home/v-guhan-techy/projects/system-design-blueprints/LLD/SOLID_Principles/SingleInstance.java. Using fallback presentation compiler.
2026.05.03 17:26:51 WARN  no build target for: /home/v-guhan-techy/projects/system-design-blueprints/LLD/SOLID_Principles/SingleInstance.java
2026.05.03 17:26:51 INFO  no build target found for /home/v-guhan-techy/projects/system-design-blueprints/LLD/SOLID_Principles/SingleInstance.java. Using fallback presentation compiler.
2026.05.03 17:26:51 INFO  no build target found for /home/v-guhan-techy/projects/system-design-blueprints/LLD/SOLID_Principles/SingleInstance.java. Using fallback presentation compiler.
2026.05.03 17:26:51 INFO  no build target found for /home/v-guhan-techy/projects/system-design-blueprints/LLD/SOLID_Principles/SingleInstance.java. Using fallback presentation compiler.
2026.05.03 17:26:51 INFO  no build target found for /home/v-guhan-techy/projects/system-design-blueprints/LLD/SOLID_Principles/SingleInstance.java. Using fallback presentation compiler.
2026.05.03 17:27:17 INFO  no build target found for /home/v-guhan-techy/projects/system-design-blueprints/LLD/SOLID_Principles/SingleInstance.java. Using fallback presentation compiler.
2026.05.03 17:27:17 INFO  no build target found for /home/v-guhan-techy/projects/system-design-blueprints/LLD/SOLID_Principles/SingleInstance.java. Using fallback presentation compiler.
2026.05.03 17:27:19 INFO  no build target found for /home/v-guhan-techy/projects/system-design-blueprints/LLD/SOLID_Principles/SingleInstance.java. Using fallback presentation compiler.
2026.05.03 17:27:19 INFO  no build target found for /home/v-guhan-techy/projects/system-design-blueprints/LLD/SOLID_Principles/SingleInstance.java. Using fallback presentation compiler.
2026.05.03 17:27:19 INFO  no build target found for /home/v-guhan-techy/projects/system-design-blueprints/LLD/SOLID_Principles/SingleInstance.java. Using fallback presentation compiler.
